Archive member included because of file (symbol)

contiki-sky.a(contiki-sky-pla)
                              obj_sky/contiki-sky-main.o (init_platform)
contiki-sky.a(button-sensor.o)
                              contiki-sky.a(contiki-sky-pla) (button_sensor)
contiki-sky.a(ds2411.o)       obj_sky/contiki-sky-main.o (ds2411_init)
contiki-sky.a(xmem.o)         obj_sky/contiki-sky-main.o (xmem_init)
contiki-sky.a(node-id.o)      obj_sky/contiki-sky-main.o (node_id_restore)
contiki-sky.a(sensors.o)      contiki-sky.a(button-sensor.o) (sensors_changed)
contiki-sky.a(cc2420.o)       obj_sky/contiki-sky-main.o (cc2420_set_pan_addr)
contiki-sky.a(cc2420-arch.o)  contiki-sky.a(cc2420.o) (cc2420_arch_init)
contiki-sky.a(uart1.o)        obj_sky/contiki-sky-main.o (uart1_active)
contiki-sky.a(slip_uart1.o)   obj_sky/contiki-sky-main.o (putchar)
contiki-sky.a(slip.o)         obj_sky/contiki-sky-main.o (slip_set_input_callback)
contiki-sky.a(msp430.o)       contiki-sky.a(uart1.o) (msp430_add_lpm_req)
contiki-sky.a(clock.o)        obj_sky/contiki-sky-main.o (clock_init)
contiki-sky.a(leds.o)         obj_sky/contiki-sky-main.o (leds_init)
contiki-sky.a(leds-arch.o)    contiki-sky.a(leds.o) (leds_arch_init)
contiki-sky.a(watchdog.o)     obj_sky/contiki-sky-main.o (watchdog_start)
contiki-sky.a(rtimer-arch.o)  obj_sky/contiki-sky-main.o (rtimer_arch_now)
contiki-sky.a(autostart.o)    obj_sky/contiki-sky-main.o (autostart_start)
contiki-sky.a(ctimer.o)       obj_sky/contiki-sky-main.o (ctimer_init)
contiki-sky.a(energest.o)     obj_sky/contiki-sky-main.o (energest_init)
contiki-sky.a(etimer.o)       contiki-sky.a(clock.o) (etimer_request_poll)
contiki-sky.a(process.o)      contiki-sky.a(ctimer.o) (process_current)
contiki-sky.a(rtimer.o)       obj_sky/contiki-sky-main.o (rtimer_init)
contiki-sky.a(timer.o)        obj_sky/contiki-sky-main.o (timer_set)
contiki-sky.a(list.o)         contiki-sky.a(ctimer.o) (list_init)
contiki-sky.a(random.o)       obj_sky/contiki-sky-main.o (random_init)
contiki-sky.a(uip-fw.o)       obj_sky/contiki-sky-main.o (uip_fw_default)
contiki-sky.a(uip-fw-drv.o)   obj_sky/contiki-sky-main.o (uip_fw_process)
contiki-sky.a(uip.o)          contiki-sky.a(slip.o) (uip_aligned_buf)
contiki-sky.a(uip-over-mesh.o)
                              obj_sky/contiki-sky-main.o (uip_over_mesh_init)
contiki-sky.a(tcpip.o)        contiki-sky.a(uip-fw-drv.o) (tcpip_set_outputfunc)
contiki-sky.a(rime.o)         obj_sky/contiki-sky-main.o (rime_driver)
contiki-sky.a(broadcast-annou)
                              contiki-sky.a(rime.o) (broadcast_announcement_init)
contiki-sky.a(trickle.o)      contiki-sky.a(uip-over-mesh.o) (trickle_open)
contiki-sky.a(broadcast.o)    aodv_node.co (broadcast_open)
contiki-sky.a(route-discovery)
                              contiki-sky.a(uip-over-mesh.o) (route_discovery_open)
contiki-sky.a(route.o)        contiki-sky.a(uip-over-mesh.o) (route_init)
contiki-sky.a(chameleon.o)    contiki-sky.a(rime.o) (chameleon_init)
contiki-sky.a(channel.o)      contiki-sky.a(chameleon.o) (channel_init)
contiki-sky.a(unicast.o)      aodv_node.co (unicast_open)
contiki-sky.a(abc.o)          contiki-sky.a(broadcast.o) (abc_open)
contiki-sky.a(netflood.o)     contiki-sky.a(route-discovery) (netflood_open)
contiki-sky.a(announcement.o)
                              contiki-sky.a(rime.o) (announcement_init)
contiki-sky.a(csma.o)         obj_sky/contiki-sky-main.o (csma_driver)
contiki-sky.a(queuebuf.o)     contiki-sky.a(rime.o) (queuebuf_init)
contiki-sky.a(packetbuf.o)    contiki-sky.a(rime.o) (packetbuf_compact)
contiki-sky.a(linkaddr.o)     obj_sky/contiki-sky-main.o (linkaddr_copy)
contiki-sky.a(contikimac.o)   obj_sky/contiki-sky-main.o (contikimac_driver)
contiki-sky.a(contikimac-fram)
                              contiki-sky.a(contikimac.o) (contikimac_framer)
contiki-sky.a(nullsec.o)      obj_sky/contiki-sky-main.o (nullsec_driver)
contiki-sky.a(spi.o)          contiki-sky.a(xmem.o) (spi_init)
contiki-sky.a(uip-ipchksum.o)
                              contiki-sky.a(slip.o) (uip_ipchksum)
contiki-sky.a(compower.o)     contiki-sky.a(contikimac.o) (compower_idle_activity)
contiki-sky.a(memb.o)         contiki-sky.a(route.o) (memb_init)
contiki-sky.a(chameleon-bitop)
                              contiki-sky.a(chameleon.o) (chameleon_bitopt)
contiki-sky.a(ipolite.o)      contiki-sky.a(netflood.o) (ipolite_open)
contiki-sky.a(mac-sequence.o)
                              contiki-sky.a(contikimac.o) (mac_sequence_is_duplicate)
contiki-sky.a(framer-802154.o)
                              contiki-sky.a(contikimac-fram) (framer_802154)
contiki-sky.a(frame802154.o)  contiki-sky.a(framer-802154.o) (frame802154_hdrlen)
contiki-sky.a(mac.o)          contiki-sky.a(csma.o) (mac_call_sent_callback)
contiki-sky.a(framer.o)       contiki-sky.a(framer-802154.o) (framer_canonical_create_and_secure)
/home/tkn/.local/contiki-src/mspgcc-4.7.3/bin/../lib/gcc/msp430/4.7.3/mmpy-16/libgcc.a(_mulsi3.o)
[...]
Memory Configuration

Name             Origin             Length             Attributes
sfr              0x0000000000000000 0x0000000000000010
peripheral_8bit  0x0000000000000010 0x00000000000000f0
peripheral_16bit 0x0000000000000100 0x0000000000000100
ram_mirror       0x0000000000000200 0x0000000000000800 xw
infomem          0x0000000000001000 0x0000000000000100
infob            0x0000000000001000 0x0000000000000080
infoa            0x0000000000001080 0x0000000000000080
ram              0x0000000000001100 0x0000000000002800 xw
rom              0x0000000000004000 0x000000000000bfe0 xr
vectors          0x000000000000ffe0 0x0000000000000020
bsl              0x0000000000000000 0x0000000000000000
infoc            0x0000000000000000 0x0000000000000000
infod            0x0000000000000000 0x0000000000000000
ram2             0x0000000000000000 0x0000000000000000 xw
usbram           0x0000000000000000 0x0000000000000000 xw
far_rom          0x0000000000000000 0x0000000000000000
*default*        0x0000000000000000 0xffffffffffffffff

Linker script and memory map

LOAD /home/tkn/.local/contiki-src/mspgcc-4.7.3/bin/../lib/gcc/msp430/4.7.3/mmpy-16/crt0ivtbl16.o
LOAD aodv_node.co
LOAD obj_sky/aodv_message.o
LOAD obj_sky/aodv_table.o
LOAD obj_sky/contiki-sky-main.o
LOAD contiki-sky.a
LOAD /home/tkn/.local/contiki-src/mspgcc-4.7.3/bin/../lib/gcc/msp430/4.7.3/mmpy-16/libgcc.a
LOAD /home/tkn/.local/contiki-src/mspgcc-4.7.3/bin/../lib/gcc/msp430/4.7.3/../../../../msp430/lib/mmpy-16/libc.a
LOAD /home/tkn/.local/contiki-src/mspgcc-4.7.3/bin/../lib/gcc/msp430/4.7.3/mmpy-16/libgcc.a
LOAD /home/tkn/.local/contiki-src/mspgcc-4.7.3/bin/../lib/gcc/msp430/4.7.3/mmpy-16/libcrt0.a
                0x0000000000000080                PROVIDE (__info_segment_size, 0x80)
                0x0000000000001000                PROVIDE (__infob, 0x1000)
                0x0000000000001080                PROVIDE (__infoa, 0x1080)
                0x0000000000000000                __IE1 = 0x0
                0x0000000000000002                __IFG1 = 0x2
                0x0000000000000004                __ME1 = 0x4
                0x0000000000000001                __IE2 = 0x1
                0x0000000000000003                __IFG2 = 0x3
                0x0000000000000005                __ME2 = 0x5
                0x0000000000000120                __WDTCTL = 0x120
                0x0000000000000130                __MPY = 0x130
                0x0000000000000132                __MPYS = 0x132
                0x0000000000000134                __MAC = 0x134
                0x0000000000000136                __MACS = 0x136
                0x0000000000000138                __OP2 = 0x138
                0x000000000000013a                __RESLO = 0x13a
                0x000000000000013c                __RESHI = 0x13c
                0x000000000000013e                __SUMEXT = 0x13e
                0x0000000000000020                __P1IN = 0x20
                0x0000000000000021                __P1OUT = 0x21
                0x0000000000000022                __P1DIR = 0x22
                0x0000000000000023                __P1IFG = 0x23
                0x0000000000000024                __P1IES = 0x24
                0x0000000000000025                __P1IE = 0x25
                0x0000000000000026                __P1SEL = 0x26
                0x0000000000000028                __P2IN = 0x28
                0x0000000000000029                __P2OUT = 0x29
                0x000000000000002a                __P2DIR = 0x2a
                0x000000000000002b                __P2IFG = 0x2b
                0x000000000000002c                __P2IES = 0x2c
                0x000000000000002d                __P2IE = 0x2d
                0x000000000000002e                __P2SEL = 0x2e
                0x0000000000000018                __P3IN = 0x18
                0x0000000000000019                __P3OUT = 0x19
                0x000000000000001a                __P3DIR = 0x1a
                0x000000000000001b                __P3SEL = 0x1b
                0x000000000000001c                __P4IN = 0x1c
                0x000000000000001d                __P4OUT = 0x1d
                0x000000000000001e                __P4DIR = 0x1e
                0x000000000000001f                __P4SEL = 0x1f
                0x0000000000000030                __P5IN = 0x30
                0x0000000000000031                __P5OUT = 0x31
                0x0000000000000032                __P5DIR = 0x32
                0x0000000000000033                __P5SEL = 0x33
                0x0000000000000034                __P6IN = 0x34
                0x0000000000000035                __P6OUT = 0x35
                0x0000000000000036                __P6DIR = 0x36
                0x0000000000000037                __P6SEL = 0x37
                0x0000000000000070                __U0CTL = 0x70
                0x0000000000000071                __U0TCTL = 0x71
                0x0000000000000072                __U0RCTL = 0x72
                0x0000000000000073                __U0MCTL = 0x73
                0x0000000000000074                __U0BR0 = 0x74
                0x0000000000000075                __U0BR1 = 0x75
                0x0000000000000076                __U0RXBUF = 0x76
                0x0000000000000077                __U0TXBUF = 0x77
                0x0000000000000078                __U1CTL = 0x78
                0x0000000000000079                __U1TCTL = 0x79
                0x000000000000007a                __U1RCTL = 0x7a
                0x000000000000007b                __U1MCTL = 0x7b
                0x000000000000007c                __U1BR0 = 0x7c
                0x000000000000007d                __U1BR1 = 0x7d
                0x000000000000007e                __U1RXBUF = 0x7e
                0x000000000000007f                __U1TXBUF = 0x7f
                0x0000000000000050                __I2CIE = 0x50
                0x0000000000000051                __I2CIFG = 0x51
                0x0000000000000052                __I2CNDAT = 0x52
                0x0000000000000071                __I2CTCTL = 0x71
                0x0000000000000072                __I2CDCTL = 0x72
                0x0000000000000073                __I2CPSC = 0x73
                0x0000000000000074                __I2CSCLH = 0x74
                0x0000000000000075                __I2CSCLL = 0x75
                0x0000000000000076                __I2CDRB = 0x76
                0x0000000000000076                __I2CDRW = 0x76
                0x0000000000000118                __I2COA = 0x118
                0x000000000000011a                __I2CSA = 0x11a
                0x000000000000011c                __I2CIV = 0x11c
                0x000000000000012e                __TAIV = 0x12e
                0x0000000000000160                __TACTL = 0x160
                0x0000000000000162                __TACCTL0 = 0x162
                0x0000000000000164                __TACCTL1 = 0x164
                0x0000000000000166                __TACCTL2 = 0x166
                0x0000000000000170                __TAR = 0x170
                0x0000000000000172                __TACCR0 = 0x172
                0x0000000000000174                __TACCR1 = 0x174
                0x0000000000000176                __TACCR2 = 0x176
                0x000000000000011e                __TBIV = 0x11e
                0x0000000000000180                __TBCTL = 0x180
                0x0000000000000182                __TBCCTL0 = 0x182
                0x0000000000000184                __TBCCTL1 = 0x184
                0x0000000000000186                __TBCCTL2 = 0x186
                0x0000000000000188                __TBCCTL3 = 0x188
                0x000000000000018a                __TBCCTL4 = 0x18a
                0x000000000000018c                __TBCCTL5 = 0x18c
                0x000000000000018e                __TBCCTL6 = 0x18e
                0x0000000000000190                __TBR = 0x190
                0x0000000000000192                __TBCCR0 = 0x192
                0x0000000000000194                __TBCCR1 = 0x194
                0x0000000000000196                __TBCCR2 = 0x196
                0x0000000000000198                __TBCCR3 = 0x198
                0x000000000000019a                __TBCCR4 = 0x19a
                0x000000000000019c                __TBCCR5 = 0x19c
                0x000000000000019e                __TBCCR6 = 0x19e
                0x0000000000000056                __DCOCTL = 0x56
                0x0000000000000057                __BCSCTL1 = 0x57
                0x0000000000000058                __BCSCTL2 = 0x58
                0x0000000000000055                __SVSCTL = 0x55
                0x0000000000000128                __FCTL1 = 0x128
                0x000000000000012a                __FCTL2 = 0x12a
                0x000000000000012c                __FCTL3 = 0x12c
                0x0000000000000059                __CACTL1 = 0x59
                0x000000000000005a                __CACTL2 = 0x5a
                0x000000000000005b                __CAPD = 0x5b
                0x00000000000001a0                __ADC12CTL0 = 0x1a0
                0x00000000000001a2                __ADC12CTL1 = 0x1a2
                0x00000000000001a4                __ADC12IFG = 0x1a4
                0x00000000000001a6                __ADC12IE = 0x1a6
                0x00000000000001a8                __ADC12IV = 0x1a8
                0x0000000000000140                __ADC12MEM0 = 0x140
                0x0000000000000142                __ADC12MEM1 = 0x142
                0x0000000000000144                __ADC12MEM2 = 0x144
                0x0000000000000146                __ADC12MEM3 = 0x146
                0x0000000000000148                __ADC12MEM4 = 0x148
                0x000000000000014a                __ADC12MEM5 = 0x14a
                0x000000000000014c                __ADC12MEM6 = 0x14c
                0x000000000000014e                __ADC12MEM7 = 0x14e
                0x0000000000000150                __ADC12MEM8 = 0x150
                0x0000000000000152                __ADC12MEM9 = 0x152
                0x0000000000000154                __ADC12MEM10 = 0x154
                0x0000000000000156                __ADC12MEM11 = 0x156
                0x0000000000000158                __ADC12MEM12 = 0x158
                0x000000000000015a                __ADC12MEM13 = 0x15a
                0x000000000000015c                __ADC12MEM14 = 0x15c
                0x000000000000015e                __ADC12MEM15 = 0x15e
                0x0000000000000080                __ADC12MCTL0 = 0x80
                0x0000000000000081                __ADC12MCTL1 = 0x81
                0x0000000000000082                __ADC12MCTL2 = 0x82
                0x0000000000000083                __ADC12MCTL3 = 0x83
                0x0000000000000084                __ADC12MCTL4 = 0x84
                0x0000000000000085                __ADC12MCTL5 = 0x85
                0x0000000000000086                __ADC12MCTL6 = 0x86
                0x0000000000000087                __ADC12MCTL7 = 0x87
                0x0000000000000088                __ADC12MCTL8 = 0x88
                0x0000000000000089                __ADC12MCTL9 = 0x89
                0x000000000000008a                __ADC12MCTL10 = 0x8a
                0x000000000000008b                __ADC12MCTL11 = 0x8b
                0x000000000000008c                __ADC12MCTL12 = 0x8c
                0x000000000000008d                __ADC12MCTL13 = 0x8d
                0x000000000000008e                __ADC12MCTL14 = 0x8e
                0x000000000000008f                __ADC12MCTL15 = 0x8f
                0x00000000000001c0                __DAC12_0CTL = 0x1c0
                0x00000000000001c2                __DAC12_1CTL = 0x1c2
                0x00000000000001c8                __DAC12_0DAT = 0x1c8
                0x00000000000001ca                __DAC12_1DAT = 0x1ca
                0x0000000000000122                __DMACTL0 = 0x122
                0x0000000000000124                __DMACTL1 = 0x124
                0x00000000000001e0                __DMA0CTL = 0x1e0
                0x00000000000001e8                __DMA1CTL = 0x1e8
                0x00000000000001f0                __DMA2CTL = 0x1f0
                0x00000000000001e2                __DMA0SA = 0x1e2
                0x00000000000001e4                __DMA0DA = 0x1e4
                0x00000000000001e6                __DMA0SZ = 0x1e6
                0x00000000000001ea                __DMA1SA = 0x1ea
                0x00000000000001ec                __DMA1DA = 0x1ec
                0x00000000000001ee                __DMA1SZ = 0x1ee
                0x00000000000001f2                __DMA2SA = 0x1f2
                0x00000000000001f4                __DMA2DA = 0x1f4
                0x00000000000001f6                __DMA2SZ = 0x1f6

.hash
 *(.hash)

.dynsym
 *(.dynsym)

.dynstr
 *(.dynstr)

.gnu.version
 *(.gnu.version)

.gnu.version_d
 *(.gnu.version_d)

.gnu.version_r
 *(.gnu.version_r)

.rel.init
 *(.rel.init)

.rela.init
 *(.rela.init)

.rel.fini
 *(.rel.fini)

.rela.fini
 *(.rela.fini)

.rel.text
 *(.rel.text .rel.text.* .rel.gnu.linkonce.t.*)

.rela.text
 *(.rela.text .rela.text.* .rela.gnu.linkonce.t.*)

.rel.rodata
 *(.rel.rodata .rel.rodata.* .rel.gnu.linkonce.r.*)

.rela.rodata
 *(.rela.rodata .rela.rodata.* .rela.gnu.linkonce.r.*)

.rel.data
 *(.rel.data .rel.data.* .rel.gnu.linkonce.d.*)

.rela.data
 *(.rela.data .rela.data.* .rela.gnu.linkonce.d.*)

.rel.bss
 *(.rel.bss .rel.bss.* .rel.gnu.linkonce.b.*)

.rela.bss
 *(.rela.bss .rela.bss.* .rela.gnu.linkonce.b.*)

.rel.ctors
 *(.rel.ctors)

.rela.ctors
 *(.rela.ctors)

.rel.dtors
 *(.rel.dtors)

.rela.dtors
 *(.rela.dtors)

.rel.got
 *(.rel.got)

.rela.got
 *(.rela.got)

.rel.plt
 *(.rel.plt)

.rela.plt
 *(.rela.plt)

.text           0x0000000000004000     0x787a
                0x0000000000004000                . = ALIGN (0x2)
 *(.init .init.*)
 *(.init0)
 .init0         0x0000000000004000        0x0 /home/tkn/.local/contiki-src/mspgcc-4.7.3/bin/../lib/gcc/msp430/4.7.3/mmpy-16/libcrt0.a(_reset_vector__.o)
                0x0000000000004000                _reset_vector__
 *(.init1)
 .init1         0x0000000000004000        0xc /home/tkn/.local/contiki-src/mspgcc-4.7.3/bin/../lib/gcc/msp430/4.7.3/mmpy-16/libcrt0.a(__watchdog_support.o)
                0x0000000000004000                __watchdog_support
 *(.init2)
 .init2         0x000000000000400c        0x4 /home/tkn/.local/contiki-src/mspgcc-4.7.3/bin/../lib/gcc/msp430/4.7.3/mmpy-16/libcrt0.a(__init_stack.o)
                0x000000000000400c                __init_stack
 *(.init3)
 .init3         0x0000000000004010        0x0 /home/tkn/.local/contiki-src/mspgcc-4.7.3/bin/../lib/gcc/msp430/4.7.3/mmpy-16/libcrt0.a(__low_level_init.o)
                0x0000000000004010                __low_level_init
 *(.init4)
 .init4         0x0000000000004010       0x18 /home/tkn/.local/contiki-src/mspgcc-4.7.3/bin/../lib/gcc/msp430/4.7.3/mmpy-16/libcrt0.a(_copy_data.o)
                0x0000000000004010                __do_copy_data
 .init4         0x0000000000004028       0x16 /home/tkn/.local/contiki-src/mspgcc-4.7.3/bin/../lib/gcc/msp430/4.7.3/mmpy-16/libcrt0.a(_clear_bss.o)
                0x0000000000004028                __do_clear_bss
 *(.init5)
 *(.init6)
 *(.init7)
 *(.init8)
 *(.init9)
 .init9         0x000000000000403e      0x386 obj_sky/contiki-sky-main.o
                0x000000000000403e                main
 *(.fini9)
 .fini9         0x00000000000043c4        0x0 /home/tkn/.local/contiki-src/mspgcc-4.7.3/bin/../lib/gcc/msp430/4.7.3/mmpy-16/libcrt0.a(__stop_progExec__.o)
                0x00000000000043c4                __stop_progExec__
 *(.fini8)
 *(.fini7)
 *(.fini6)
 *(.fini5)
 *(.fini4)
 *(.fini3)
 *(.fini2)
 *(.fini1)
 *(.fini0)
 .fini0         0x00000000000043c4        0x6 /home/tkn/.local/contiki-src/mspgcc-4.7.3/bin/../lib/gcc/msp430/4.7.3/mmpy-16/libcrt0.a(_endless_loop__.o)
                0x00000000000043c4                _endless_loop__
 *(.fini .fini.*)
                0x00000000000043ca                . = ALIGN (0x2)
                0x00000000000043ca                __ctors_start = .
 *(.ctors)
                0x00000000000043ca                __ctors_end = .
                0x00000000000043ca                __dtors_start = .
 *(.dtors)
                0x00000000000043ca                __dtors_end = .
                0x00000000000043ca                . = ALIGN (0x2)
 *(.text .text.* .gnu.linkonce.t.*)
 .text          0x00000000000043ca        0x4 /home/tkn/.local/contiki-src/mspgcc-4.7.3/bin/../lib/gcc/msp430/4.7.3/mmpy-16/crt0ivtbl16.o
                0x00000000000043ca                __isr_14
                0x00000000000043ca                __isr_11
                0x00000000000043ca                __isr_2
                0x00000000000043ca                __isr_7
                0x00000000000043ca                __isr_0
                0x00000000000043ca                __isr_8
                0x00000000000043ca                __isr_3
                0x00000000000043ca                __isr_12
                0x00000000000043ca                __isr_13
                0x00000000000043ca                __isr_9
 .text.process_thread_aodv_node
                0x00000000000043ce       0x9a aodv_node.co
 .text.broadcast_recv
                0x0000000000004468       0xbe aodv_node.co
 .text.rrep_recv
                0x0000000000004526       0x7c aodv_node.co
                0x0000000000004526                rrep_recv
 .text.unicast_recv
                0x00000000000045a2       0x46 aodv_node.co
 .text.clean_msg_buffer
                0x00000000000045e8       0x14 obj_sky/aodv_message.o
                0x00000000000045e8                clean_msg_buffer
 .text.parse_message_type
                0x00000000000045fc       0x5a obj_sky/aodv_message.o
                0x00000000000045fc                parse_message_type
 .text.RREQ_parse
                0x0000000000004656       0x68 obj_sky/aodv_message.o
                0x0000000000004656                RREQ_parse
 .text.RREQ_stringify
                0x00000000000046be       0x8c obj_sky/aodv_message.o
                0x00000000000046be                RREQ_stringify
 .text.RREP_parse
                0x000000000000474a       0x68 obj_sky/aodv_message.o
                0x000000000000474a                RREP_parse
 .text.RREP_stringify
                0x00000000000047b2       0x8c obj_sky/aodv_message.o
                0x00000000000047b2                RREP_stringify
 .text.rreq_forward
                0x000000000000483e       0x52 obj_sky/aodv_message.o
                0x000000000000483e                rreq_forward
 .text.rrep_forward
                0x0000000000004890       0x6e obj_sky/aodv_message.o
                0x0000000000004890                rrep_forward
 .text.rrepack_send
                0x00000000000048fe       0x20 obj_sky/aodv_message.o
                0x00000000000048fe                rrepack_send
 .text.aodv_init_table
                0x000000000000491e       0x12 obj_sky/aodv_table.o
                0x000000000000491e                aodv_init_table
 .text.aodv_scroll_up_table_entries
                0x0000000000004930       0x44 obj_sky/aodv_table.o
                0x0000000000004930                aodv_scroll_up_table_entries
 .text.aodv_scroll_down_table_entries
                0x0000000000004974       0x4e obj_sky/aodv_table.o
                0x0000000000004974                aodv_scroll_down_table_entries
 .text.aodv_delete_entry
                0x00000000000049c2       0x5e obj_sky/aodv_table.o
                0x00000000000049c2                aodv_delete_entry
 .text.aodv_print_table
                0x0000000000004a20       0x60 obj_sky/aodv_table.o
                0x0000000000004a20                aodv_print_table
 .text.aodv_create_entry
                0x0000000000004a80       0x10 obj_sky/aodv_table.o
                0x0000000000004a80                aodv_create_entry
 .text.aodv_get_best_entry
                0x0000000000004a90       0x26 obj_sky/aodv_table.o
                0x0000000000004a90                aodv_get_best_entry
 .text.aodv_get_best_entry_with_next_node
                0x0000000000004ab6       0x2c obj_sky/aodv_table.o
                0x0000000000004ab6                aodv_get_best_entry_with_next_node
 .text.aodv_insert_entry
                0x0000000000004ae2       0x80 obj_sky/aodv_table.o
                0x0000000000004ae2                aodv_insert_entry
 .text.set_gateway
                0x0000000000004b62       0x5a obj_sky/contiki-sky-main.o
 .text.start_network_layer
                0x0000000000004bbc       0x3c obj_sky/contiki-sky-main.o
 .text.init_platform
                0x0000000000004bf8        0xc contiki-sky.a(contiki-sky-pla)
                0x0000000000004bf8                init_platform
 .text.status   0x0000000000004c04       0x18 contiki-sky.a(button-sensor.o)
 .text.value    0x0000000000004c1c       0x20 contiki-sky.a(button-sensor.o)
 .text.configure
                0x0000000000004c3c       0x4c contiki-sky.a(button-sensor.o)
 .text.irq_p2   0x0000000000004c88       0x88 contiki-sky.a(button-sensor.o)
                0x0000000000004c88                irq_p2
                0x0000000000004c88                __isr_1
 .text.owreadb  0x0000000000004d10       0x50 contiki-sky.a(ds2411.o)
 .text.ds2411_init
                0x0000000000004d60      0x120 contiki-sky.a(ds2411.o)
                0x0000000000004d60                ds2411_init
 .text.wait_ready
                0x0000000000004e80       0x4a contiki-sky.a(xmem.o)
 .text.xmem_init
                0x0000000000004eca       0x3c contiki-sky.a(xmem.o)
                0x0000000000004eca                xmem_init
 .text.xmem_pread
                0x0000000000004f06       0xda contiki-sky.a(xmem.o)
                0x0000000000004f06                xmem_pread
 .text.node_id_restore
                0x0000000000004fe0       0x38 contiki-sky.a(node-id.o)
                0x0000000000004fe0                node_id_restore
 .text.process_thread_sensors_process
                0x0000000000005018       0xc2 contiki-sky.a(sensors.o)
 .text.sensors_changed
                0x00000000000050da       0x2a contiki-sky.a(sensors.o)
                0x00000000000050da                sensors_changed
 .text.get_object
                0x0000000000005104        0x4 contiki-sky.a(cc2420.o)
 .text.set_object
                0x0000000000005108        0x4 contiki-sky.a(cc2420.o)
 .text.strobe   0x000000000000510c       0x1c contiki-sky.a(cc2420.o)
 .text.getreg   0x0000000000005128       0x4c contiki-sky.a(cc2420.o)
 .text.setreg   0x0000000000005174       0x4c contiki-sky.a(cc2420.o)
 .text.write_ram
                0x00000000000051c0       0x7c contiki-sky.a(cc2420.o)
 .text.write_fifo_buf
                0x000000000000523c       0x3c contiki-sky.a(cc2420.o)
 .text.get_status
                0x0000000000005278       0x20 contiki-sky.a(cc2420.o)
 .text.set_txpower
                0x0000000000005298       0x24 contiki-sky.a(cc2420.o)
 .text.cc2420_receiving_packet
                0x00000000000052bc        0xc contiki-sky.a(cc2420.o)
 .text.pending_packet
                0x00000000000052c8        0x8 contiki-sky.a(cc2420.o)
 .text.on       0x00000000000052d0       0x1e contiki-sky.a(cc2420.o)
 .text.wait_for_transmission
                0x00000000000052ee       0x22 contiki-sky.a(cc2420.o)
 .text.wait_for_status
                0x0000000000005310       0x28 contiki-sky.a(cc2420.o)
 .text.getrxdata
                0x0000000000005338       0x50 contiki-sky.a(cc2420.o)
 .text.flushrx  0x0000000000005388       0x1a contiki-sky.a(cc2420.o)
 .text.off      0x00000000000053a2       0x56 contiki-sky.a(cc2420.o)
 .text.RELEASE_LOCK
                0x00000000000053f8       0x28 contiki-sky.a(cc2420.o)
 .text.set_key  0x0000000000005420       0x18 contiki-sky.a(cc2420.o)
 .text.cc2420_prepare
                0x0000000000005438       0x3c contiki-sky.a(cc2420.o)
 .text.cc2420_on
                0x0000000000005474       0x22 contiki-sky.a(cc2420.o)
                0x0000000000005474                cc2420_on
 .text.cc2420_off
                0x0000000000005496       0x30 contiki-sky.a(cc2420.o)
                0x0000000000005496                cc2420_off
 .text.cc2420_cca
                0x00000000000054c6       0x68 contiki-sky.a(cc2420.o)
 .text.cc2420_read
                0x000000000000552e       0xac contiki-sky.a(cc2420.o)
 .text.process_thread_cc2420_process
                0x00000000000055da       0x54 contiki-sky.a(cc2420.o)
 .text.encrypt  0x000000000000562e       0x88 contiki-sky.a(cc2420.o)
 .text.cc2420_set_channel
                0x00000000000056b6       0x3c contiki-sky.a(cc2420.o)
                0x00000000000056b6                cc2420_set_channel
 .text.cc2420_set_pan_addr
                0x00000000000056f2       0x4c contiki-sky.a(cc2420.o)
                0x00000000000056f2                cc2420_set_pan_addr
 .text.cc2420_interrupt
                0x000000000000573e       0x16 contiki-sky.a(cc2420.o)
                0x000000000000573e                cc2420_interrupt
 .text.cc2420_set_txpower
                0x0000000000005754        0xe contiki-sky.a(cc2420.o)
                0x0000000000005754                cc2420_set_txpower
 .text.cc2420_get_txpower
                0x0000000000005762       0x1e contiki-sky.a(cc2420.o)
                0x0000000000005762                cc2420_get_txpower
 .text.cc2420_transmit
                0x0000000000005780      0x12c contiki-sky.a(cc2420.o)
 .text.cc2420_send
                0x00000000000058ac       0x12 contiki-sky.a(cc2420.o)
 .text.cc2420_rssi
                0x00000000000058be       0x4c contiki-sky.a(cc2420.o)
                0x00000000000058be                cc2420_rssi
 .text.get_value
                0x000000000000590a       0xa8 contiki-sky.a(cc2420.o)
 .text.cc2420_set_cca_threshold
                0x00000000000059b2       0x16 contiki-sky.a(cc2420.o)
                0x00000000000059b2                cc2420_set_cca_threshold
 .text.set_value
                0x00000000000059c8       0x86 contiki-sky.a(cc2420.o)
 .text.cc2420_init
                0x0000000000005a4e       0xd8 contiki-sky.a(cc2420.o)
                0x0000000000005a4e                cc2420_init
 .text.cc2420_port1_interrupt
                0x0000000000005b26       0x62 contiki-sky.a(cc2420-arch.o)
                0x0000000000005b26                __isr_4
                0x0000000000005b26                cc2420_port1_interrupt
 .text.cc2420_arch_init
                0x0000000000005b88       0x1a contiki-sky.a(cc2420-arch.o)
                0x0000000000005b88                cc2420_arch_init
 .text.handle_rxdma_timer
                0x0000000000005ba2       0x3a contiki-sky.a(uart1.o)
 .text.uart1_active
                0x0000000000005bdc       0x18 contiki-sky.a(uart1.o)
                0x0000000000005bdc                uart1_active
 .text.uart1_set_input
                0x0000000000005bf4       0x20 contiki-sky.a(uart1.o)
                0x0000000000005bf4                uart1_set_input
 .text.uart1_writeb
                0x0000000000005c14       0x18 contiki-sky.a(uart1.o)
                0x0000000000005c14                uart1_writeb
 .text.uart1_init
                0x0000000000005c2c       0xf4 contiki-sky.a(uart1.o)
                0x0000000000005c2c                uart1_init
 .text.slip_arch_writeb
                0x0000000000005d20        0x6 contiki-sky.a(slip_uart1.o)
                0x0000000000005d20                slip_arch_writeb
 .text.putchar  0x0000000000005d26       0x3c contiki-sky.a(slip_uart1.o)
                0x0000000000005d26                putchar
 .text.slip_arch_init
                0x0000000000005d62        0xa contiki-sky.a(slip_uart1.o)
                0x0000000000005d62                slip_arch_init
 .text.slip_set_input_callback
                0x0000000000005d6c        0x6 contiki-sky.a(slip.o)
                0x0000000000005d6c                slip_set_input_callback
 .text.slip_send
                0x0000000000005d72       0x5e contiki-sky.a(slip.o)
                0x0000000000005d72                slip_send
 .text.slip_write
                0x0000000000005dd0       0x5a contiki-sky.a(slip.o)
                0x0000000000005dd0                slip_write
 .text.process_thread_slip_process
                0x0000000000005e2a      0x1fc contiki-sky.a(slip.o)
 .text.slip_input_byte
                0x0000000000006026       0xbc contiki-sky.a(slip.o)
                0x0000000000006026                slip_input_byte
 .text.msp430_init_dco
                0x00000000000060e2       0x82 contiki-sky.a(msp430.o)
                0x00000000000060e2                msp430_init_dco
 .text.msp430_add_lpm_req
                0x0000000000006164        0xc contiki-sky.a(msp430.o)
                0x0000000000006164                msp430_add_lpm_req
 .text.msp430_cpu_init
                0x0000000000006170       0x2a contiki-sky.a(msp430.o)
                0x0000000000006170                msp430_cpu_init
 .text.splhigh_
                0x000000000000619a        0x8 contiki-sky.a(msp430.o)
                0x000000000000619a                splhigh_
 .text.msp430_sync_dco
                0x00000000000061a2       0x6c contiki-sky.a(msp430.o)
                0x00000000000061a2                msp430_sync_dco
 .text.timera1  0x000000000000620e      0x11e contiki-sky.a(clock.o)
                0x000000000000620e                __isr_5
                0x000000000000620e                timera1
 .text.clock_time
                0x000000000000632c       0x1a contiki-sky.a(clock.o)
                0x000000000000632c                clock_time
 .text.clock_init
                0x0000000000006346       0x28 contiki-sky.a(clock.o)
                0x0000000000006346                clock_init
 .text.clock_delay
                0x000000000000636e        0xc contiki-sky.a(clock.o)
                0x000000000000636e                clock_delay
 .text.show_leds
                0x000000000000637a       0xf0 contiki-sky.a(leds.o)
 .text.leds_init
                0x000000000000646a        0xa contiki-sky.a(leds.o)
                0x000000000000646a                leds_init
 .text.leds_on  0x0000000000006474        0xa contiki-sky.a(leds.o)
                0x0000000000006474                leds_on
 .text.leds_off
                0x000000000000647e        0xe contiki-sky.a(leds.o)
                0x000000000000647e                leds_off
 .text.leds_arch_init
                0x000000000000648c        0xe contiki-sky.a(leds-arch.o)
                0x000000000000648c                leds_arch_init
 .text.leds_arch_set
                0x000000000000649a       0x38 contiki-sky.a(leds-arch.o)
                0x000000000000649a                leds_arch_set
 .text.watchdog_interrupt
                0x00000000000064d2        0x6 contiki-sky.a(watchdog.o)
                0x00000000000064d2                __isr_10
                0x00000000000064d2                watchdog_interrupt
 .text.watchdog_start
                0x00000000000064d8       0x14 contiki-sky.a(watchdog.o)
                0x00000000000064d8                watchdog_start
 .text.watchdog_periodic
                0x00000000000064ec       0x12 contiki-sky.a(watchdog.o)
                0x00000000000064ec                watchdog_periodic
 .text.watchdog_stop
                0x00000000000064fe       0x16 contiki-sky.a(watchdog.o)
                0x00000000000064fe                watchdog_stop
 .text.watchdog_init
                0x0000000000006514       0x12 contiki-sky.a(watchdog.o)
                0x0000000000006514                watchdog_init
 .text.rtimer_arch_init
                0x0000000000006526        0xe contiki-sky.a(rtimer-arch.o)
                0x0000000000006526                rtimer_arch_init
 .text.rtimer_arch_now
                0x0000000000006534        0xe contiki-sky.a(rtimer-arch.o)
                0x0000000000006534                rtimer_arch_now
 .text.timera0  0x0000000000006542       0x70 contiki-sky.a(rtimer-arch.o)
                0x0000000000006542                __isr_6
                0x0000000000006542                timera0
 .text.rtimer_arch_schedule
                0x00000000000065b2        0x6 contiki-sky.a(rtimer-arch.o)
                0x00000000000065b2                rtimer_arch_schedule
 .text.autostart_start
                0x00000000000065b8       0x16 contiki-sky.a(autostart.o)
                0x00000000000065b8                autostart_start
 .text.process_thread_ctimer_process
                0x00000000000065ce       0xa8 contiki-sky.a(ctimer.o)
 .text.ctimer_init
                0x0000000000006676       0x18 contiki-sky.a(ctimer.o)
                0x0000000000006676                ctimer_init
 .text.ctimer_set
                0x000000000000668e       0x50 contiki-sky.a(ctimer.o)
                0x000000000000668e                ctimer_set
 .text.ctimer_reset
                0x00000000000066de       0x30 contiki-sky.a(ctimer.o)
                0x00000000000066de                ctimer_reset
 .text.ctimer_stop
                0x000000000000670e       0x28 contiki-sky.a(ctimer.o)
                0x000000000000670e                ctimer_stop
 .text.energest_init
                0x0000000000006736       0x26 contiki-sky.a(energest.o)
                0x0000000000006736                energest_init
 .text.energest_type_time
                0x000000000000675c       0x48 contiki-sky.a(energest.o)
                0x000000000000675c                energest_type_time
 .text.energest_type_set
                0x00000000000067a4        0xe contiki-sky.a(energest.o)
                0x00000000000067a4                energest_type_set
 .text.energest_flush
                0x00000000000067b2       0x48 contiki-sky.a(energest.o)
                0x00000000000067b2                energest_flush
 .text.update_time
                0x00000000000067fa       0x78 contiki-sky.a(etimer.o)
 .text.etimer_request_poll
                0x0000000000006872        0xa contiki-sky.a(etimer.o)
                0x0000000000006872                etimer_request_poll
 .text.process_thread_etimer_process
                0x000000000000687c       0xcc contiki-sky.a(etimer.o)
 .text.add_timer
                0x0000000000006948       0x40 contiki-sky.a(etimer.o)
 .text.etimer_set
                0x0000000000006988       0x12 contiki-sky.a(etimer.o)
                0x0000000000006988                etimer_set
 .text.etimer_reset
                0x000000000000699a       0x12 contiki-sky.a(etimer.o)
                0x000000000000699a                etimer_reset
 .text.etimer_restart
                0x00000000000069ac       0x12 contiki-sky.a(etimer.o)
                0x00000000000069ac                etimer_restart
 .text.etimer_expired
                0x00000000000069be        0xe contiki-sky.a(etimer.o)
                0x00000000000069be                etimer_expired
 .text.etimer_pending
                0x00000000000069cc        0xc contiki-sky.a(etimer.o)
                0x00000000000069cc                etimer_pending
 .text.etimer_next_expiration_time
                0x00000000000069d8       0x16 contiki-sky.a(etimer.o)
                0x00000000000069d8                etimer_next_expiration_time
 .text.etimer_stop
                0x00000000000069ee       0x3e contiki-sky.a(etimer.o)
                0x00000000000069ee                etimer_stop
 .text.call_process
                0x0000000000006a2c       0x46 contiki-sky.a(process.o)
 .text.exit_process
                0x0000000000006a72       0x96 contiki-sky.a(process.o)
 .text.do_poll  0x0000000000006b08       0x30 contiki-sky.a(process.o)
 .text.process_alloc_event
                0x0000000000006b38        0xe contiki-sky.a(process.o)
                0x0000000000006b38                process_alloc_event
 .text.process_init
                0x0000000000006b46       0x1c contiki-sky.a(process.o)
                0x0000000000006b46                process_init
 .text.process_run
                0x0000000000006b62       0xa2 contiki-sky.a(process.o)
                0x0000000000006b62                process_run
 .text.process_nevents
                0x0000000000006c04        0xe contiki-sky.a(process.o)
                0x0000000000006c04                process_nevents
 .text.process_post
                0x0000000000006c12       0x54 contiki-sky.a(process.o)
                0x0000000000006c12                process_post
 .text.process_post_synch
                0x0000000000006c66       0x12 contiki-sky.a(process.o)
                0x0000000000006c66                process_post_synch
 .text.process_start
                0x0000000000006c78       0x36 contiki-sky.a(process.o)
                0x0000000000006c78                process_start
 .text.process_poll
                0x0000000000006cae       0x18 contiki-sky.a(process.o)
                0x0000000000006cae                process_poll
 .text.rtimer_init
                0x0000000000006cc6        0x6 contiki-sky.a(rtimer.o)
                0x0000000000006cc6                rtimer_init
 .text.rtimer_set
                0x0000000000006ccc       0x24 contiki-sky.a(rtimer.o)
                0x0000000000006ccc                rtimer_set
 .text.rtimer_run_next
                0x0000000000006cf0       0x26 contiki-sky.a(rtimer.o)
                0x0000000000006cf0                rtimer_run_next
 .text.timer_set
                0x0000000000006d16       0x1c contiki-sky.a(timer.o)
                0x0000000000006d16                timer_set
 .text.timer_reset
                0x0000000000006d32        0xe contiki-sky.a(timer.o)
                0x0000000000006d32                timer_reset
 .text.timer_restart
                0x0000000000006d40       0x14 contiki-sky.a(timer.o)
                0x0000000000006d40                timer_restart
 .text.timer_expired
                0x0000000000006d54       0x2a contiki-sky.a(timer.o)
                0x0000000000006d54                timer_expired
 .text.list_init
                0x0000000000006d7e        0x6 contiki-sky.a(list.o)
                0x0000000000006d7e                list_init
 .text.list_head
                0x0000000000006d84        0x4 contiki-sky.a(list.o)
                0x0000000000006d84                list_head
 .text.list_tail
                0x0000000000006d88       0x12 contiki-sky.a(list.o)
                0x0000000000006d88                list_tail
 .text.list_chop
                0x0000000000006d9a       0x1a contiki-sky.a(list.o)
                0x0000000000006d9a                list_chop
 .text.list_remove
                0x0000000000006db4       0x34 contiki-sky.a(list.o)
                0x0000000000006db4                list_remove
 .text.list_push
                0x0000000000006de8       0x1a contiki-sky.a(list.o)
                0x0000000000006de8                list_push
 .text.list_add
                0x0000000000006e02       0x2a contiki-sky.a(list.o)
                0x0000000000006e02                list_add
 .text.list_length
                0x0000000000006e2c       0x10 contiki-sky.a(list.o)
                0x0000000000006e2c                list_length
 .text.list_item_next
                0x0000000000006e3c        0xc contiki-sky.a(list.o)
                0x0000000000006e3c                list_item_next
 .text.random_init
                0x0000000000006e48        0x6 contiki-sky.a(random.o)
                0x0000000000006e48                random_init
 .text.random_rand
                0x0000000000006e4e        0x6 contiki-sky.a(random.o)
                0x0000000000006e4e                random_rand
 .text.uip_fw_output
                0x0000000000006e54       0xf4 contiki-sky.a(uip-fw.o)
                0x0000000000006e54                uip_fw_output
 .text.uip_fw_forward
                0x0000000000006f48      0x15e contiki-sky.a(uip-fw.o)
                0x0000000000006f48                uip_fw_forward
 .text.uip_fw_default
                0x00000000000070a6        0x6 contiki-sky.a(uip-fw.o)
                0x00000000000070a6                uip_fw_default
 .text.uip_fw_periodic
                0x00000000000070ac       0x1c contiki-sky.a(uip-fw.o)
                0x00000000000070ac                uip_fw_periodic
 .text.process_thread_uip_fw_process
                0x00000000000070c8       0x3c contiki-sky.a(uip-fw-drv.o)
 .text.chksum   0x0000000000007104       0x32 contiki-sky.a(uip.o)
 .text.upper_layer_chksum
                0x0000000000007136       0x42 contiki-sky.a(uip.o)
 .text.uip_add32
                0x0000000000007178       0x68 contiki-sky.a(uip.o)
                0x0000000000007178                uip_add32
 .text.uip_add_rcv_nxt
                0x00000000000071e0       0x2c contiki-sky.a(uip.o)
 .text.uip_chksum
                0x000000000000720c       0x18 contiki-sky.a(uip.o)
                0x000000000000720c                uip_chksum
 .text.uip_tcpchksum
                0x0000000000007224        0xa contiki-sky.a(uip.o)
                0x0000000000007224                uip_tcpchksum
 .text.uip_udpchksum
                0x000000000000722e        0xa contiki-sky.a(uip.o)
                0x000000000000722e                uip_udpchksum
 .text.uip_init
                0x0000000000007238       0x50 contiki-sky.a(uip.o)
                0x0000000000007238                uip_init
 .text.uip_unlisten
                0x0000000000007288       0x2a contiki-sky.a(uip.o)
                0x0000000000007288                uip_unlisten
 .text.uip_process
                0x00000000000072b2      0xc7e contiki-sky.a(uip.o)
                0x00000000000072b2                uip_process
 .text.uip_htons
                0x0000000000007f30        0xc contiki-sky.a(uip.o)
                0x0000000000007f30                uip_htons
 .text.timedout
                0x0000000000007f3c       0x12 contiki-sky.a(uip-over-mesh.o)
 .text.recv_data
                0x0000000000007f4e       0x72 contiki-sky.a(uip-over-mesh.o)
 .text.new_route
                0x0000000000007fc0       0x36 contiki-sky.a(uip-over-mesh.o)
 .text.uip_over_mesh_init
                0x0000000000007ff6       0x54 contiki-sky.a(uip-over-mesh.o)
                0x0000000000007ff6                uip_over_mesh_init
 .text.uip_over_mesh_send
                0x000000000000804a       0xe8 contiki-sky.a(uip-over-mesh.o)
                0x000000000000804a                uip_over_mesh_send
 .text.uip_over_mesh_set_gateway_netif
                0x0000000000008132        0x6 contiki-sky.a(uip-over-mesh.o)
                0x0000000000008132                uip_over_mesh_set_gateway_netif
 .text.uip_over_mesh_set_gateway
                0x0000000000008138        0xc contiki-sky.a(uip-over-mesh.o)
                0x0000000000008138                uip_over_mesh_set_gateway
 .text.gateway_announce_recv
                0x0000000000008144       0x10 contiki-sky.a(uip-over-mesh.o)
 .text.uip_over_mesh_make_announced_gateway
                0x0000000000008154       0x32 contiki-sky.a(uip-over-mesh.o)
                0x0000000000008154                uip_over_mesh_make_announced_gateway
 .text.uip_over_mesh_set_net
                0x0000000000008186       0x16 contiki-sky.a(uip-over-mesh.o)
                0x0000000000008186                uip_over_mesh_set_net
 .text.start_periodic_tcp_timer
                0x000000000000819c       0x16 contiki-sky.a(tcpip.o)
 .text.tcpip_output
                0x00000000000081b2       0x10 contiki-sky.a(tcpip.o)
                0x00000000000081b2                tcpip_output
 .text.process_thread_tcpip_process
                0x00000000000081c2      0x1ce contiki-sky.a(tcpip.o)
 .text.tcpip_set_outputfunc
                0x0000000000008390        0x6 contiki-sky.a(tcpip.o)
                0x0000000000008390                tcpip_set_outputfunc
 .text.tcpip_input
                0x0000000000008396       0x12 contiki-sky.a(tcpip.o)
                0x0000000000008396                tcpip_input
 .text.tcpip_uipcall
                0x00000000000083a8       0x70 contiki-sky.a(tcpip.o)
                0x00000000000083a8                tcpip_uipcall
 .text.input    0x0000000000008418       0x3a contiki-sky.a(rime.o)
 .text.init     0x0000000000008452       0x2e contiki-sky.a(rime.o)
 .text.packet_sent
                0x0000000000008480       0x44 contiki-sky.a(rime.o)
 .text.rime_output
                0x00000000000084c4       0x24 contiki-sky.a(rime.o)
                0x00000000000084c4                rime_output
 .text.adv_packet_sent
                0x00000000000084e8        0x2 contiki-sky.a(broadcast-annou)
 .text.adv_packet_received
                0x00000000000084ea       0x64 contiki-sky.a(broadcast-annou)
 .text.set_timers
                0x000000000000854e       0x4a contiki-sky.a(broadcast-annou)
 .text.send_timer
                0x0000000000008598       0x32 contiki-sky.a(broadcast-annou)
 .text.send_adv
                0x00000000000085ca       0x66 contiki-sky.a(broadcast-annou)
 .text.new_announcement
                0x0000000000008630       0x18 contiki-sky.a(broadcast-annou)
 .text.broadcast_announcement_init
                0x0000000000008648       0x48 contiki-sky.a(broadcast-annou)
                0x0000000000008648                broadcast_announcement_init
 .text.send     0x0000000000008690       0x1a contiki-sky.a(trickle.o)
 .text.run_trickle
                0x00000000000086aa       0xc4 contiki-sky.a(trickle.o)
 .text.recv     0x000000000000876e       0x86 contiki-sky.a(trickle.o)
 .text.timer_callback
                0x00000000000087f4        0x6 contiki-sky.a(trickle.o)
 .text.trickle_open
                0x00000000000087fa       0x44 contiki-sky.a(trickle.o)
                0x00000000000087fa                trickle_open
 .text.trickle_send
                0x000000000000883e       0x3e contiki-sky.a(trickle.o)
                0x000000000000883e                trickle_send
 .text.sent_by_abc
                0x000000000000887c       0x10 contiki-sky.a(broadcast.o)
 .text.recv_from_abc
                0x000000000000888c       0x26 contiki-sky.a(broadcast.o)
 .text.broadcast_open
                0x00000000000088b2       0x2a contiki-sky.a(broadcast.o)
                0x00000000000088b2                broadcast_open
 .text.broadcast_close
                0x00000000000088dc        0x6 contiki-sky.a(broadcast.o)
                0x00000000000088dc                broadcast_close
 .text.broadcast_send
                0x00000000000088e2       0x1a contiki-sky.a(broadcast.o)
                0x00000000000088e2                broadcast_send
 .text.timeout_handler
                0x00000000000088fc       0x14 contiki-sky.a(route-discovery)
 .text.rreq_packet_received
                0x0000000000008910       0xca contiki-sky.a(route-discovery)
 .text.rrep_packet_received
                0x00000000000089da       0x9a contiki-sky.a(route-discovery)
 .text.route_discovery_open
                0x0000000000008a74       0x30 contiki-sky.a(route-discovery)
                0x0000000000008a74                route_discovery_open
 .text.route_discovery_discover
                0x0000000000008aa4       0x6e contiki-sky.a(route-discovery)
                0x0000000000008aa4                route_discovery_discover
 .text.periodic
                0x0000000000008b12       0x58 contiki-sky.a(route.o)
 .text.route_init
                0x0000000000008b6a       0x28 contiki-sky.a(route.o)
                0x0000000000008b6a                route_init
 .text.route_lookup
                0x0000000000008b92       0x4c contiki-sky.a(route.o)
                0x0000000000008b92                route_lookup
 .text.route_add
                0x0000000000008bde       0x88 contiki-sky.a(route.o)
                0x0000000000008bde                route_add
 .text.route_refresh
                0x0000000000008c66        0xe contiki-sky.a(route.o)
                0x0000000000008c66                route_refresh
 .text.route_remove
                0x0000000000008c74       0x1c contiki-sky.a(route.o)
                0x0000000000008c74                route_remove
 .text.route_decay
                0x0000000000008c90       0x22 contiki-sky.a(route.o)
                0x0000000000008c90                route_decay
 .text.route_set_lifetime
                0x0000000000008cb2        0x6 contiki-sky.a(route.o)
                0x0000000000008cb2                route_set_lifetime
 .text.chameleon_init
                0x0000000000008cb8        0x6 contiki-sky.a(chameleon.o)
                0x0000000000008cb8                chameleon_init
 .text.chameleon_parse
                0x0000000000008cbe       0x10 contiki-sky.a(chameleon.o)
                0x0000000000008cbe                chameleon_parse
 .text.chameleon_create
                0x0000000000008cce       0x1c contiki-sky.a(chameleon.o)
                0x0000000000008cce                chameleon_create
 .text.chameleon_hdrsize
                0x0000000000008cea        0x6 contiki-sky.a(chameleon.o)
                0x0000000000008cea                chameleon_hdrsize
 .text.channel_init
                0x0000000000008cf0        0xa contiki-sky.a(channel.o)
                0x0000000000008cf0                channel_init
 .text.channel_open
                0x0000000000008cfa       0x10 contiki-sky.a(channel.o)
                0x0000000000008cfa                channel_open
 .text.channel_close
                0x0000000000008d0a        0xc contiki-sky.a(channel.o)
                0x0000000000008d0a                channel_close
 .text.channel_lookup
                0x0000000000008d16       0x20 contiki-sky.a(channel.o)
                0x0000000000008d16                channel_lookup
 .text.channel_set_attributes
                0x0000000000008d36       0x24 contiki-sky.a(channel.o)
                0x0000000000008d36                channel_set_attributes
 .text.sent_by_broadcast
                0x0000000000008d5a       0x10 contiki-sky.a(unicast.o)
 .text.recv_from_broadcast
                0x0000000000008d6a       0x2e contiki-sky.a(unicast.o)
 .text.unicast_open
                0x0000000000008d98       0x2a contiki-sky.a(unicast.o)
                0x0000000000008d98                unicast_open
 .text.unicast_send
                0x0000000000008dc2       0x16 contiki-sky.a(unicast.o)
                0x0000000000008dc2                unicast_send
 .text.abc_open
                0x0000000000008dd8       0x26 contiki-sky.a(abc.o)
                0x0000000000008dd8                abc_open
 .text.abc_close
                0x0000000000008dfe        0x6 contiki-sky.a(abc.o)
                0x0000000000008dfe                abc_close
 .text.abc_send
                0x0000000000008e04        0x6 contiki-sky.a(abc.o)
                0x0000000000008e04                abc_send
 .text.abc_input
                0x0000000000008e0a        0xe contiki-sky.a(abc.o)
                0x0000000000008e0a                abc_input
 .text.abc_sent
                0x0000000000008e18       0x10 contiki-sky.a(abc.o)
                0x0000000000008e18                abc_sent
 .text.sent     0x0000000000008e28       0x10 contiki-sky.a(netflood.o)
 .text.dropped  0x0000000000008e38       0x10 contiki-sky.a(netflood.o)
 .text.recv_from_ipolite
                0x0000000000008e48       0xee contiki-sky.a(netflood.o)
 .text.netflood_open
                0x0000000000008f36       0x2e contiki-sky.a(netflood.o)
                0x0000000000008f36                netflood_open
 .text.netflood_send
                0x0000000000008f64       0x62 contiki-sky.a(netflood.o)
                0x0000000000008f64                netflood_send
 .text.announcement_init
                0x0000000000008fc6        0xa contiki-sky.a(announcement.o)
                0x0000000000008fc6                announcement_init
 .text.announcement_register_observer_callback
                0x0000000000008fd0        0x6 contiki-sky.a(announcement.o)
                0x0000000000008fd0                announcement_register_observer_callback
 .text.announcement_list
                0x0000000000008fd6        0xa contiki-sky.a(announcement.o)
                0x0000000000008fd6                announcement_list
 .text.announcement_heard
                0x0000000000008fe0       0x42 contiki-sky.a(announcement.o)
                0x0000000000008fe0                announcement_heard
 .text.input_packet
                0x0000000000009022        0x6 contiki-sky.a(csma.o)
 .text.on       0x0000000000009028        0x6 contiki-sky.a(csma.o)
 .text.off      0x000000000000902e        0x6 contiki-sky.a(csma.o)
 .text.channel_check_interval
                0x0000000000009034       0x10 contiki-sky.a(csma.o)
 .text.transmit_packet_list
                0x0000000000009044       0x24 contiki-sky.a(csma.o)
 .text.init     0x0000000000009068       0x1a contiki-sky.a(csma.o)
 .text.send_packet
                0x0000000000009082      0x184 contiki-sky.a(csma.o)
 .text.free_packet
                0x0000000000009206       0x98 contiki-sky.a(csma.o)
 .text.packet_sent
                0x000000000000929e      0x130 contiki-sky.a(csma.o)
 .text.queuebuf_init
                0x00000000000093ce       0x12 contiki-sky.a(queuebuf.o)
                0x00000000000093ce                queuebuf_init
 .text.queuebuf_new_from_packetbuf
                0x00000000000093e0       0x52 contiki-sky.a(queuebuf.o)
                0x00000000000093e0                queuebuf_new_from_packetbuf
 .text.queuebuf_update_attr_from_packetbuf
                0x0000000000009432       0x12 contiki-sky.a(queuebuf.o)
                0x0000000000009432                queuebuf_update_attr_from_packetbuf
 .text.queuebuf_update_from_packetbuf
                0x0000000000009444       0x22 contiki-sky.a(queuebuf.o)
                0x0000000000009444                queuebuf_update_from_packetbuf
 .text.queuebuf_free
                0x0000000000009466       0x2a contiki-sky.a(queuebuf.o)
                0x0000000000009466                queuebuf_free
 .text.queuebuf_to_packetbuf
                0x0000000000009490       0x32 contiki-sky.a(queuebuf.o)
                0x0000000000009490                queuebuf_to_packetbuf
 .text.queuebuf_dataptr
                0x00000000000094c2       0x1c contiki-sky.a(queuebuf.o)
                0x00000000000094c2                queuebuf_dataptr
 .text.queuebuf_datalen
                0x00000000000094de        0x8 contiki-sky.a(queuebuf.o)
                0x00000000000094de                queuebuf_datalen
 .text.queuebuf_attr
                0x00000000000094e6        0xe contiki-sky.a(queuebuf.o)
                0x00000000000094e6                queuebuf_attr
 .text.packetbuf_compact
                0x00000000000094f4       0x2e contiki-sky.a(packetbuf.o)
                0x00000000000094f4                packetbuf_compact
 .text.packetbuf_copyto
                0x0000000000009522       0x52 contiki-sky.a(packetbuf.o)
                0x0000000000009522                packetbuf_copyto
 .text.packetbuf_hdrreduce
                0x0000000000009574       0x1a contiki-sky.a(packetbuf.o)
                0x0000000000009574                packetbuf_hdrreduce
 .text.packetbuf_set_datalen
                0x000000000000958e        0x6 contiki-sky.a(packetbuf.o)
                0x000000000000958e                packetbuf_set_datalen
 .text.packetbuf_dataptr
                0x0000000000009594        0xe contiki-sky.a(packetbuf.o)
                0x0000000000009594                packetbuf_dataptr
 .text.packetbuf_hdrptr
                0x00000000000095a2        0xa contiki-sky.a(packetbuf.o)
                0x00000000000095a2                packetbuf_hdrptr
 .text.packetbuf_datalen
                0x00000000000095ac        0x6 contiki-sky.a(packetbuf.o)
                0x00000000000095ac                packetbuf_datalen
 .text.packetbuf_hdrlen
                0x00000000000095b2       0x10 contiki-sky.a(packetbuf.o)
                0x00000000000095b2                packetbuf_hdrlen
 .text.packetbuf_totlen
                0x00000000000095c2        0xc contiki-sky.a(packetbuf.o)
                0x00000000000095c2                packetbuf_totlen
 .text.packetbuf_hdralloc
                0x00000000000095ce       0x2e contiki-sky.a(packetbuf.o)
                0x00000000000095ce                packetbuf_hdralloc
 .text.packetbuf_attr_clear
                0x00000000000095fc       0x2c contiki-sky.a(packetbuf.o)
                0x00000000000095fc                packetbuf_attr_clear
 .text.packetbuf_clear
                0x0000000000009628       0x1a contiki-sky.a(packetbuf.o)
                0x0000000000009628                packetbuf_clear
 .text.packetbuf_copyfrom
                0x0000000000009642       0x2e contiki-sky.a(packetbuf.o)
                0x0000000000009642                packetbuf_copyfrom
 .text.packetbuf_attr_copyto
                0x0000000000009670       0x20 contiki-sky.a(packetbuf.o)
                0x0000000000009670                packetbuf_attr_copyto
 .text.packetbuf_attr_copyfrom
                0x0000000000009690       0x22 contiki-sky.a(packetbuf.o)
                0x0000000000009690                packetbuf_attr_copyfrom
 .text.packetbuf_holds_broadcast
                0x00000000000096b2        0xe contiki-sky.a(packetbuf.o)
                0x00000000000096b2                packetbuf_holds_broadcast
 .text.linkaddr_copy
                0x00000000000096c0        0xc contiki-sky.a(linkaddr.o)
                0x00000000000096c0                linkaddr_copy
 .text.linkaddr_cmp
                0x00000000000096cc       0x12 contiki-sky.a(linkaddr.o)
                0x00000000000096cc                linkaddr_cmp
 .text.linkaddr_set_node_addr
                0x00000000000096de        0xc contiki-sky.a(linkaddr.o)
                0x00000000000096de                linkaddr_set_node_addr
 .text.duty_cycle
                0x00000000000096ea        0x6 contiki-sky.a(contikimac.o)
 .text.init     0x00000000000096f0       0x2a contiki-sky.a(contikimac.o)
 .text.on       0x000000000000971a       0x1a contiki-sky.a(contikimac.o)
 .text.off      0x0000000000009734       0x22 contiki-sky.a(contikimac.o)
 .text.recv_burst_off
                0x0000000000009756        0xa contiki-sky.a(contikimac.o)
 .text.turn_off
                0x0000000000009760       0x20 contiki-sky.a(contikimac.o)
 .text.turn_on  0x0000000000009780       0x30 contiki-sky.a(contikimac.o)
 .text.schedule_powercycle_fixed.part.4
                0x00000000000097b0       0x34 contiki-sky.a(contikimac.o)
 .text.powercycle_turn_radio_off
                0x00000000000097e4       0x30 contiki-sky.a(contikimac.o)
 .text.input_packet
                0x0000000000009814       0xb6 contiki-sky.a(contikimac.o)
 .text.send_packet.isra.7
                0x00000000000098ca      0x20c contiki-sky.a(contikimac.o)
 .text.qsend_list
                0x0000000000009ad6       0xc4 contiki-sky.a(contikimac.o)
 .text.qsend_packet
                0x0000000000009b9a       0x28 contiki-sky.a(contikimac.o)
 .text.powercycle
                0x0000000000009bc2      0x1d6 contiki-sky.a(contikimac.o)
 .text.hdr_length
                0x0000000000009d98        0x8 contiki-sky.a(contikimac-fram)
 .text.parse    0x0000000000009da0       0x3e contiki-sky.a(contikimac-fram)
 .text.create   0x0000000000009dde       0x26 contiki-sky.a(contikimac-fram)
 .text.create_and_secure
                0x0000000000009e04       0x6a contiki-sky.a(contikimac-fram)
 .text.bootstrap
                0x0000000000009e6e        0x4 contiki-sky.a(nullsec.o)
 .text.send     0x0000000000009e72        0xa contiki-sky.a(nullsec.o)
 .text.on_frame_created
                0x0000000000009e7c        0x4 contiki-sky.a(nullsec.o)
 .text.input    0x0000000000009e80        0x6 contiki-sky.a(nullsec.o)
 .text.get_overhead
                0x0000000000009e86        0x4 contiki-sky.a(nullsec.o)
 .text.spi_init
                0x0000000000009e8a       0x30 contiki-sky.a(spi.o)
                0x0000000000009e8a                spi_init
 .text.uip_ipchksum
                0x0000000000009eba       0x32 contiki-sky.a(uip-ipchksum.o)
                0x0000000000009eba                uip_ipchksum
 .text.compower_accumulate
                0x0000000000009eec       0x72 contiki-sky.a(compower.o)
                0x0000000000009eec                compower_accumulate
 .text.compower_clear
                0x0000000000009f5e       0x12 contiki-sky.a(compower.o)
                0x0000000000009f5e                compower_clear
 .text.compower_attrconv
                0x0000000000009f70       0x10 contiki-sky.a(compower.o)
                0x0000000000009f70                compower_attrconv
 .text.memb_init
                0x0000000000009f80       0x36 contiki-sky.a(memb.o)
                0x0000000000009f80                memb_init
 .text.memb_alloc
                0x0000000000009fb6       0x3e contiki-sky.a(memb.o)
                0x0000000000009fb6                memb_alloc
 .text.memb_free
                0x0000000000009ff4       0x3a contiki-sky.a(memb.o)
                0x0000000000009ff4                memb_free
 .text.memb_inmemb
                0x000000000000a02e       0x2a contiki-sky.a(memb.o)
                0x000000000000a02e                memb_inmemb
 .text.header_size
                0x000000000000a058       0x16 contiki-sky.a(chameleon-bitop)
 .text.get_bits_in_byte
                0x000000000000a06e       0x3a contiki-sky.a(chameleon-bitop)
                0x000000000000a06e                get_bits_in_byte
 .text.get_bits
                0x000000000000a0a8       0xa2 contiki-sky.a(chameleon-bitop)
                0x000000000000a0a8                get_bits
 .text.unpack_header
                0x000000000000a14a       0xd2 contiki-sky.a(chameleon-bitop)
 .text.set_bits_in_byte
                0x000000000000a21c       0x2c contiki-sky.a(chameleon-bitop)
                0x000000000000a21c                set_bits_in_byte
 .text.set_bits
                0x000000000000a248       0xc8 contiki-sky.a(chameleon-bitop)
                0x000000000000a248                set_bits
 .text.pack_header
                0x000000000000a310       0xbe contiki-sky.a(chameleon-bitop)
 .text.sent     0x000000000000a3ce        0x2 contiki-sky.a(ipolite.o)
 .text.send     0x000000000000a3d0       0x36 contiki-sky.a(ipolite.o)
 .text.recv     0x000000000000a406       0xa6 contiki-sky.a(ipolite.o)
 .text.ipolite_open
                0x000000000000a4ac       0x24 contiki-sky.a(ipolite.o)
                0x000000000000a4ac                ipolite_open
 .text.ipolite_send
                0x000000000000a4d0       0xaa contiki-sky.a(ipolite.o)
                0x000000000000a4d0                ipolite_send
 .text.mac_sequence_is_duplicate
                0x000000000000a57a       0x3c contiki-sky.a(mac-sequence.o)
                0x000000000000a57a                mac_sequence_is_duplicate
 .text.mac_sequence_register_seqno
                0x000000000000a5b6       0x5c contiki-sky.a(mac-sequence.o)
                0x000000000000a5b6                mac_sequence_register_seqno
 .text.create_frame.isra.0
                0x000000000000a612      0x104 contiki-sky.a(framer-802154.o)
 .text.create   0x000000000000a716        0x8 contiki-sky.a(framer-802154.o)
 .text.hdr_length
                0x000000000000a71e        0x8 contiki-sky.a(framer-802154.o)
 .text.parse    0x000000000000a726       0xa4 contiki-sky.a(framer-802154.o)
 .text.field_len
                0x000000000000a7ca       0x90 contiki-sky.a(frame802154.o)
 .text.frame802154_hdrlen
                0x000000000000a85a       0x2e contiki-sky.a(frame802154.o)
                0x000000000000a85a                frame802154_hdrlen
 .text.frame802154_create
                0x000000000000a888      0x146 contiki-sky.a(frame802154.o)
                0x000000000000a888                frame802154_create
 .text.frame802154_parse
                0x000000000000a9ce      0x1ba contiki-sky.a(frame802154.o)
                0x000000000000a9ce                frame802154_parse
 .text.mac_call_sent_callback
                0x000000000000ab88       0x14 contiki-sky.a(mac.o)
                0x000000000000ab88                mac_call_sent_callback
 .text.framer_canonical_create_and_secure
                0x000000000000ab9c       0x20 contiki-sky.a(framer.o)
                0x000000000000ab9c                framer_canonical_create_and_secure
 .text.libgcc   0x000000000000abbc       0x2c /home/tkn/.local/contiki-src/mspgcc-4.7.3/bin/../lib/gcc/msp430/4.7.3/mmpy-16/libgcc.a(_mulsi3.o)
                0x000000000000abbc                __mulsi3
 .text.libgcc   0x000000000000abe8       0x40 /home/tkn/.local/contiki-src/mspgcc-4.7.3/bin/../lib/gcc/msp430/4.7.3/mmpy-16/libgcc.a(_udivmod32.o)
                0x000000000000abe8                __udivsi3
                0x000000000000abe8                __ext_udivmod32
                0x000000000000ac1e                __umodsi3
 .text.atoi     0x000000000000ac28       0x8a /home/tkn/.local/contiki-src/mspgcc-4.7.3/bin/../lib/gcc/msp430/4.7.3/../../../../msp430/lib/mmpy-16/libc.a(atoi.o)
                0x000000000000ac28                atoi
 .text.printf   0x000000000000acb2       0x10 /home/tkn/.local/contiki-src/mspgcc-4.7.3/bin/../lib/gcc/msp430/4.7.3/../../../../msp430/lib/mmpy-16/libc.a(printf.o)
                0x000000000000acb2                printf
 .text.print_field
                0x000000000000acc2      0x194 /home/tkn/.local/contiki-src/mspgcc-4.7.3/bin/../lib/gcc/msp430/4.7.3/../../../../msp430/lib/mmpy-16/libc.a(vuprintf.o)
 .text.vuprintf
                0x000000000000ae56      0x63e /home/tkn/.local/contiki-src/mspgcc-4.7.3/bin/../lib/gcc/msp430/4.7.3/../../../../msp430/lib/mmpy-16/libc.a(vuprintf.o)
                0x000000000000ae56                vuprintf
 .text.puts     0x000000000000b494       0x2c /home/tkn/.local/contiki-src/mspgcc-4.7.3/bin/../lib/gcc/msp430/4.7.3/../../../../msp430/lib/mmpy-16/libc.a(puts.o)
                0x000000000000b494                puts
 .text.rand     0x000000000000b4c0       0x26 /home/tkn/.local/contiki-src/mspgcc-4.7.3/bin/../lib/gcc/msp430/4.7.3/../../../../msp430/lib/mmpy-16/libc.a(rand.o)
                0x000000000000b4c0                rand
 .text.srand    0x000000000000b4e6        0xa /home/tkn/.local/contiki-src/mspgcc-4.7.3/bin/../lib/gcc/msp430/4.7.3/../../../../msp430/lib/mmpy-16/libc.a(rand.o)
                0x000000000000b4e6                srand
 .text.strcmp   0x000000000000b4f0       0x1e /home/tkn/.local/contiki-src/mspgcc-4.7.3/bin/../lib/gcc/msp430/4.7.3/../../../../msp430/lib/mmpy-16/libc.a(strcmp.o)
                0x000000000000b4f0                strcmp
 .text.strncmp  0x000000000000b50e       0x2a /home/tkn/.local/contiki-src/mspgcc-4.7.3/bin/../lib/gcc/msp430/4.7.3/../../../../msp430/lib/mmpy-16/libc.a(strncmp.o)
                0x000000000000b50e                strncmp
 .text.memcmp   0x000000000000b538       0x30 /home/tkn/.local/contiki-src/mspgcc-4.7.3/bin/../lib/gcc/msp430/4.7.3/../../../../msp430/lib/mmpy-16/libc.a(memcmp.o)
                0x000000000000b538                memcmp
 .text.strcpy   0x000000000000b568       0x14 /home/tkn/.local/contiki-src/mspgcc-4.7.3/bin/../lib/gcc/msp430/4.7.3/../../../../msp430/lib/mmpy-16/libc.a(strcpy.o)
                0x000000000000b568                strcpy
 .text.memcpy   0x000000000000b57c       0xfa /home/tkn/.local/contiki-src/mspgcc-4.7.3/bin/../lib/gcc/msp430/4.7.3/../../../../msp430/lib/mmpy-16/libc.a(memcpy.o)
                0x000000000000b57c                memcpy
 .text.memset   0x000000000000b676       0x6a /home/tkn/.local/contiki-src/mspgcc-4.7.3/bin/../lib/gcc/msp430/4.7.3/../../../../msp430/lib/mmpy-16/libc.a(memset.o)
                0x000000000000b676                memset
 .text.strcat   0x000000000000b6e0       0x1a /home/tkn/.local/contiki-src/mspgcc-4.7.3/bin/../lib/gcc/msp430/4.7.3/../../../../msp430/lib/mmpy-16/libc.a(strcat.o)
                0x000000000000b6e0                strcat
 .text.strtok_r
                0x000000000000b6fa       0x62 /home/tkn/.local/contiki-src/mspgcc-4.7.3/bin/../lib/gcc/msp430/4.7.3/../../../../msp430/lib/mmpy-16/libc.a(strtok.o)
                0x000000000000b6fa                strtok_r
 .text.strtok   0x000000000000b75c        0xa /home/tkn/.local/contiki-src/mspgcc-4.7.3/bin/../lib/gcc/msp430/4.7.3/../../../../msp430/lib/mmpy-16/libc.a(strtok.o)
                0x000000000000b75c                strtok
 .text.libgcc   0x000000000000b766       0x22 /home/tkn/.local/contiki-src/mspgcc-4.7.3/bin/../lib/gcc/msp430/4.7.3/mmpy-16/libgcc.a(_udivmod16.o)
                0x000000000000b766                __udivhi3
                0x000000000000b766                __ext_udivmod16
                0x000000000000b780                __umodhi3
 .text.libgcc   0x000000000000b788       0xf0 /home/tkn/.local/contiki-src/mspgcc-4.7.3/bin/../lib/gcc/msp430/4.7.3/mmpy-16/libgcc.a(_udivmod64.o)
                0x000000000000b788                __xabi_udivmod64
                0x000000000000b7e6                __udivdi3
                0x000000000000b80c                __umoddi3
                0x000000000000b83a                __udivmoddi4
 .text.crt0     0x000000000000b878        0x2 /home/tkn/.local/contiki-src/mspgcc-4.7.3/bin/../lib/gcc/msp430/4.7.3/mmpy-16/libcrt0.a(_unexpected_.o)
                0x000000000000b878                _unexpected_
 *(.near.text .near.text.*)

.rodata         0x000000000000b87c      0x455
                0x000000000000b87c                . = ALIGN (0x2)
 *(.rodata .rodata.* .gnu.linkonce.r.*)
 .rodata        0x000000000000b87c       0x6e aodv_node.co
                0x000000000000b8d4                autostart_processes
 .rodata        0x000000000000b8ea       0x25 obj_sky/aodv_message.o
 .rodata        0x000000000000b90f       0xa5 obj_sky/aodv_table.o
 .rodata        0x000000000000b9b4      0x167 obj_sky/contiki-sky-main.o
 *fill*         0x000000000000bb1b        0x1 00
 .rodata        0x000000000000bb1c       0x10 contiki-sky.a(button-sensor.o)
                0x000000000000bb24                button_sensor
 .rodata        0x000000000000bb2c        0x8 contiki-sky.a(sensors.o)
 .rodata.get_value
                0x000000000000bb34       0x1c contiki-sky.a(cc2420.o)
 .rodata        0x000000000000bb50       0x3e contiki-sky.a(cc2420.o)
                0x000000000000bb50                cc2420_aes_128_driver
                0x000000000000bb54                cc2420_driver
 .rodata        0x000000000000bb8e       0x26 contiki-sky.a(slip.o)
 .rodata        0x000000000000bbb4        0xf contiki-sky.a(ctimer.o)
 .rodata        0x000000000000bbc3        0xc contiki-sky.a(etimer.o)
 .rodata        0x000000000000bbcf        0xe contiki-sky.a(uip-fw-drv.o)
 *fill*         0x000000000000bbdd        0x3 00
 .rodata.uip_process
                0x000000000000bbe0       0x20 contiki-sky.a(uip.o)
 .rodata        0x000000000000bc00        0x8 contiki-sky.a(uip.o)
                0x000000000000bc00                uip_all_zeroes_addr
                0x000000000000bc04                uip_broadcast_addr
 .rodata        0x000000000000bc08        0xa contiki-sky.a(uip-over-mesh.o)
 .rodata        0x000000000000bc12        0xd contiki-sky.a(tcpip.o)
 *fill*         0x000000000000bc1f        0x1 00
 .rodata        0x000000000000bc20        0xc contiki-sky.a(rime.o)
                0x000000000000bc26                rime_driver
 .rodata        0x000000000000bc2c        0x4 contiki-sky.a(broadcast-annou)
 .rodata        0x000000000000bc30        0xa contiki-sky.a(trickle.o)
 .rodata        0x000000000000bc3a        0x8 contiki-sky.a(broadcast.o)
 .rodata        0x000000000000bc42        0xa contiki-sky.a(route-discovery)
 .rodata        0x000000000000bc4c        0xa contiki-sky.a(unicast.o)
 .rodata        0x000000000000bc56        0x2 contiki-sky.a(abc.o)
 .rodata        0x000000000000bc58        0x6 contiki-sky.a(netflood.o)
 .rodata        0x000000000000bc5e       0x14 contiki-sky.a(csma.o)
                0x000000000000bc64                csma_driver
 .rodata        0x000000000000bc72        0x2 contiki-sky.a(linkaddr.o)
                0x000000000000bc72                linkaddr_null
 .rodata        0x000000000000bc74       0x1c contiki-sky.a(contikimac.o)
                0x000000000000bc80                contikimac_driver
 .rodata        0x000000000000bc90        0x8 contiki-sky.a(contikimac-fram)
                0x000000000000bc90                contikimac_framer
 .rodata        0x000000000000bc98       0x14 contiki-sky.a(nullsec.o)
                0x000000000000bca0                nullsec_driver
 .rodata        0x000000000000bcac       0x10 contiki-sky.a(chameleon-bitop)
                0x000000000000bcac                chameleon_bitopt
 .rodata        0x000000000000bcbc        0x4 contiki-sky.a(ipolite.o)
 .rodata        0x000000000000bcc0        0x8 contiki-sky.a(framer-802154.o)
                0x000000000000bcc0                framer_802154
 .rodata        0x000000000000bcc8        0x2 contiki-sky.a(frame802154.o)
 .rodata.vuprintf
                0x000000000000bcca        0x7 /home/tkn/.local/contiki-src/mspgcc-4.7.3/bin/../lib/gcc/msp430/4.7.3/../../../../msp430/lib/mmpy-16/libc.a(vuprintf.o)
 *(.near.rodata .near.rodata.*)
                0x000000000000bcd2                . = ALIGN (0x2)
                0x000000000000bcd2                _etext = .

.data           0x0000000000001100       0xa4 load address 0x000000000000bcd2
                0x0000000000001100                . = ALIGN (0x2)
                0x0000000000001100                __data_start = .
 *(.data .data.* .gnu.linkonce.d.*)
 .data          0x0000000000001100        0xa aodv_node.co
                0x0000000000001100                aodv_node
 .data          0x000000000000110a       0x18 obj_sky/contiki-sky-main.o
 .data          0x0000000000001122        0x4 contiki-sky.a(contiki-sky-pla)
                0x0000000000001122                sensors
 .data          0x0000000000001126        0xa contiki-sky.a(sensors.o)
                0x0000000000001126                sensors_process
 .data          0x0000000000001130        0xa contiki-sky.a(cc2420.o)
                0x0000000000001130                cc2420_process
 .data          0x000000000000113a        0xa contiki-sky.a(slip.o)
                0x000000000000113a                slip_process
 .data          0x0000000000001144        0x2 contiki-sky.a(msp430.o)
 .data          0x0000000000001146        0xa contiki-sky.a(ctimer.o)
                0x0000000000001146                ctimer_process
 .data          0x0000000000001150        0xa contiki-sky.a(etimer.o)
                0x0000000000001150                etimer_process
 .data          0x000000000000115a        0xa contiki-sky.a(uip-fw-drv.o)
                0x000000000000115a                uip_fw_process
 .data          0x0000000000001164        0xa contiki-sky.a(tcpip.o)
                0x0000000000001164                tcpip_process
 .data          0x000000000000116e        0xa contiki-sky.a(route.o)
 .data          0x0000000000001178       0x18 contiki-sky.a(csma.o)
 .data          0x0000000000001190       0x10 contiki-sky.a(queuebuf.o)
 .data.next     0x00000000000011a0        0x4 /home/tkn/.local/contiki-src/mspgcc-4.7.3/bin/../lib/gcc/msp430/4.7.3/../../../../msp430/lib/mmpy-16/libc.a(rand.o)
 *(.near.data .near.data.*)
                0x00000000000011a4                . = ALIGN (0x2)
                0x00000000000011a4                _edata = .
                0x000000000000bcd2                __data_load_start = LOADADDR (.data)
                0x00000000000000a4                __data_size = SIZEOF (.data)

.bss            0x00000000000011a4     0x17fc load address 0x000000000000bd76
                0x00000000000011a4                __bss_start = .
 *(.bss .bss.*)
 .bss           0x00000000000011a4       0x32 aodv_node.co
 .bss           0x00000000000011d6      0x190 obj_sky/aodv_table.o
 .bss           0x0000000000001366        0xe obj_sky/contiki-sky-main.o
 .bss           0x0000000000001374        0x8 contiki-sky.a(button-sensor.o)
 .bss           0x000000000000137c        0x2 contiki-sky.a(node-id.o)
                0x000000000000137c                node_id
 .bss           0x000000000000137e        0x6 contiki-sky.a(sensors.o)
 .bss           0x0000000000001384        0x8 contiki-sky.a(cc2420.o)
 .bss           0x000000000000138c       0x9a contiki-sky.a(uart1.o)
 .bss           0x0000000000001426        0x1 contiki-sky.a(slip_uart1.o)
 *fill*         0x0000000000001427        0x1 00
 .bss           0x0000000000001428       0x88 contiki-sky.a(slip.o)
 .bss           0x00000000000014b0        0xa contiki-sky.a(clock.o)
 .bss           0x00000000000014ba        0x1 contiki-sky.a(leds.o)
 *fill*         0x00000000000014bb        0x1 00
 .bss           0x00000000000014bc        0x2 contiki-sky.a(watchdog.o)
 .bss           0x00000000000014be        0x4 contiki-sky.a(ctimer.o)
 .bss           0x00000000000014c2        0x6 contiki-sky.a(etimer.o)
 .bss           0x00000000000014c8       0x42 contiki-sky.a(process.o)
                0x00000000000014c8                process_current
                0x00000000000014ca                process_list
 .bss           0x000000000000150a        0x2 contiki-sky.a(rtimer.o)
 .bss           0x000000000000150c      0x1a8 contiki-sky.a(uip-fw.o)
 .bss           0x00000000000016b4       0x14 contiki-sky.a(uip.o)
                0x00000000000016b4                uip_lladdr
 .bss           0x00000000000016c8       0xd2 contiki-sky.a(uip-over-mesh.o)
 .bss           0x000000000000179a       0x36 contiki-sky.a(tcpip.o)
 .bss           0x00000000000017d0        0x2 contiki-sky.a(rime.o)
 .bss           0x00000000000017d2       0x46 contiki-sky.a(broadcast-annou)
 .bss           0x0000000000001818        0x1 contiki-sky.a(route-discovery)
 *fill*         0x0000000000001819        0x1 00
 .bss           0x000000000000181a       0x7e contiki-sky.a(route.o)
 .bss           0x0000000000001898        0x2 contiki-sky.a(channel.o)
 .bss           0x000000000000189a        0x6 contiki-sky.a(announcement.o)
 .bss           0x00000000000018a0      0x128 contiki-sky.a(csma.o)
 .bss           0x00000000000019c8      0xc20 contiki-sky.a(queuebuf.o)
 .bss           0x00000000000025e8       0xb8 contiki-sky.a(packetbuf.o)
 .bss           0x00000000000026a0       0x32 contiki-sky.a(contikimac.o)
 .bss           0x00000000000026d2        0x8 contiki-sky.a(compower.o)
 .bss           0x00000000000026da       0x40 contiki-sky.a(mac-sequence.o)
 .bss           0x000000000000271a        0x2 contiki-sky.a(framer-802154.o)
 .bss.last.1597
                0x000000000000271c        0x2 /home/tkn/.local/contiki-src/mspgcc-4.7.3/bin/../lib/gcc/msp430/4.7.3/../../../../msp430/lib/mmpy-16/libc.a(strtok.o)
 *(.near.bss .near.bss.*)
 *(COMMON)
 COMMON         0x000000000000271e        0x2 contiki-sky.a(contiki-sky-pla)
                0x000000000000271e                sensors_flags
 COMMON         0x0000000000002720        0x8 contiki-sky.a(ds2411.o)
                0x0000000000002720                ds2411_id
 COMMON         0x0000000000002728        0x1 contiki-sky.a(sensors.o)
                0x0000000000002728                sensors_event
 *fill*         0x0000000000002729        0x1 00
 COMMON         0x000000000000272a       0x10 contiki-sky.a(cc2420.o)
                0x000000000000272a                cc2420_last_rssi
                0x000000000000272c                cc2420_sfd_start_time
                0x000000000000272e                cc2420_time_of_departure
                0x0000000000002730                cc2420_time_of_arrival
                0x0000000000002732                cc2420_last_correlation
                0x0000000000002734                cc2420_authority_level_of_sender
                0x0000000000002736                cc2420_sfd_counter
                0x0000000000002738                cc2420_sfd_end_time
 COMMON         0x000000000000273a        0x1 contiki-sky.a(slip.o)
                0x000000000000273a                slip_active
 *fill*         0x000000000000273b        0x1 00
 COMMON         0x000000000000273c        0x2 contiki-sky.a(msp430.o)
                0x000000000000273c                msp430_dco_required
 COMMON         0x000000000000273e       0x56 contiki-sky.a(energest.o)
                0x000000000000273e                energest_total_time
                0x000000000000276e                energest_total_count
                0x0000000000002770                energest_current_mode
                0x000000000000277c                energest_current_time
 COMMON         0x0000000000002794        0x1 contiki-sky.a(process.o)
                0x0000000000002794                process_maxevents
 *fill*         0x0000000000002795        0x1 00
 COMMON         0x0000000000002796      0x1c2 contiki-sky.a(uip.o)
                0x0000000000002796                uip_len
                0x0000000000002798                uip_sappdata
                0x000000000000279a                uip_acc32
                0x000000000000279e                uip_aligned_buf
                0x000000000000280a                uip_flags
                0x000000000000280c                uip_udp_conn
                0x000000000000280e                uip_appdata
                0x0000000000002810                uip_conn
                0x0000000000002812                uip_conns
                0x0000000000002892                uip_listenports
                0x00000000000028a2                uip_draddr
                0x00000000000028a6                uip_netmask
                0x00000000000028aa                uip_hostaddr
                0x00000000000028ae                uip_slen
                0x00000000000028b0                uip_udp_conns
 COMMON         0x0000000000002958        0x2 contiki-sky.a(tcpip.o)
                0x0000000000002958                tcpip_is_forwarding
                0x0000000000002959                tcpip_event
 COMMON         0x000000000000295a       0x3c contiki-sky.a(packetbuf.o)
                0x000000000000295a                packetbuf_addrs
                0x0000000000002962                packetbuf_attrs
 COMMON         0x0000000000002996        0x2 contiki-sky.a(linkaddr.o)
                0x0000000000002996                linkaddr_node_addr
 COMMON         0x0000000000002998        0x8 contiki-sky.a(compower.o)
                0x0000000000002998                compower_idle_activity
                0x00000000000029a0                . = ALIGN (0x2)
                0x00000000000029a0                __bss_end = .
                0x00000000000017fc                __bss_size = SIZEOF (.bss)

.noinit         0x00000000000029a0        0x2 load address 0x000000000000bd76
                0x00000000000029a0                . = ALIGN (0x2)
                0x00000000000029a0                __noinit_start = .
 *(.noinit .noinit.*)
 .noinit.crt0   0x00000000000029a0        0x2 /home/tkn/.local/contiki-src/mspgcc-4.7.3/bin/../lib/gcc/msp430/4.7.3/mmpy-16/libcrt0.a(__watchdog_support.o)
                0x00000000000029a0                __wdt_clear_value
                0x00000000000029a2                . = ALIGN (0x2)
                0x00000000000029a2                __noinit_end = .
                0x00000000000029a2                . = ALIGN (0x2)
                0x00000000000029a2                _end = .

.infomem        0x0000000000001000        0x0
                0x0000000000001000                . = ALIGN (0x2)
 *(.infomem .infomem.*)

.infomemnobits  0x0000000000001000        0x0
                0x0000000000001000                . = ALIGN (0x2)
 *(.infomemnobits .infomemnobits.*)

.infoa          0x0000000000001080        0x0
                0x0000000000001080                . = ALIGN (0x2)
 *(.infoa .infoa.*)

.infob          0x0000000000001000        0x0
                0x0000000000001000                . = ALIGN (0x2)
 *(.infob .infob.*)

.infoc          0x0000000000000000        0x0
                0x0000000000000000                . = ALIGN (0x2)
 *(.infoc .infoc.*)

.infod          0x0000000000000000        0x0
                0x0000000000000000                . = ALIGN (0x2)
 *(.infod .infod.*)
                0x000000000000ffff                PROVIDE (__vte_0, 0xffff)
                0x000000000000ffff                PROVIDE (__vte_1, 0xffff)
                0x000000000000ffff                PROVIDE (__vte_2, 0xffff)
                0x000000000000ffff                PROVIDE (__vte_3, 0xffff)
                0x000000000000ffff                PROVIDE (__vte_4, 0xffff)
                0x000000000000ffff                PROVIDE (__vte_5, 0xffff)
                0x000000000000ffff                PROVIDE (__vte_6, 0xffff)
                0x000000000000ffff                PROVIDE (__vte_7, 0xffff)
                0x000000000000ffff                PROVIDE (__vte_8, 0xffff)
                0x000000000000ffff                PROVIDE (__vte_9, 0xffff)
                0x000000000000ffff                PROVIDE (__vte_10, 0xffff)
                0x000000000000ffff                PROVIDE (__vte_11, 0xffff)
                0x000000000000ffff                PROVIDE (__vte_12, 0xffff)
                0x000000000000ffff                PROVIDE (__vte_13, 0xffff)
                0x000000000000ffff                PROVIDE (__vte_14, 0xffff)
                0x000000000000ffff                PROVIDE (__vte_15, 0xffff)
                0x000000000000ffff                PROVIDE (__vte_16, 0xffff)
                0x000000000000ffff                PROVIDE (__vte_17, 0xffff)
                0x000000000000ffff                PROVIDE (__vte_18, 0xffff)
                0x000000000000ffff                PROVIDE (__vte_19, 0xffff)
                0x000000000000ffff                PROVIDE (__vte_20, 0xffff)
                0x000000000000ffff                PROVIDE (__vte_21, 0xffff)
                0x000000000000ffff                PROVIDE (__vte_22, 0xffff)
                0x000000000000ffff                PROVIDE (__vte_23, 0xffff)
                0x000000000000ffff                PROVIDE (__vte_24, 0xffff)
                0x000000000000ffff                PROVIDE (__vte_25, 0xffff)
                0x000000000000ffff                PROVIDE (__vte_26, 0xffff)
                0x000000000000ffff                PROVIDE (__vte_27, 0xffff)
                0x000000000000ffff                PROVIDE (__vte_28, 0xffff)
                0x000000000000ffff                PROVIDE (__vte_29, 0xffff)
                0x000000000000ffff                PROVIDE (__vte_30, 0xffff)
                0x000000000000ffff                PROVIDE (__vte_31, 0xffff)

.vectors        0x000000000000ffe0       0x20
                0x000000000000ffe0                __vectors_start = .
 *(.vectors*)
 .vectors       0x000000000000ffe0       0x20 /home/tkn/.local/contiki-src/mspgcc-4.7.3/bin/../lib/gcc/msp430/4.7.3/mmpy-16/crt0ivtbl16.o
                0x000000000000ffe0                __ivtbl_16
                0x0000000000010000                _vectors_end = .

.fartext        0x0000000000000000        0x0
                0x0000000000000000                . = ALIGN (0x2)
 *(.fartext .fartext.*)

.far.text       0x0000000000000000        0x0
                0x0000000000000000                . = ALIGN (0x2)
 *(.far.text .far.text.*)

.far.rodata     0x0000000000000000        0x0
                0x0000000000000000                . = ALIGN (0x2)
 *(.far.rodata .far.rodata.*)
                0x0000000000000000                . = ALIGN (0x2)
                0x0000000000000000                _efartext = .

.far.data       0x0000000000000000        0x0
                0x0000000000000000                . = ALIGN (0x2)
                0x0000000000000000                __far_data_start = .
 *(.far.data .far.data.*)
                0x0000000000000000                . = ALIGN (0x2)
                0x0000000000000000                _efardata = .
                0x0000000000000000                __far_data_load_start = LOADADDR (.far.data)
                0x0000000000000000                __far_data_size = SIZEOF (.far.data)

.far.bss        0x0000000000000000        0x0
                0x0000000000000000                . = ALIGN (0x2)
                0x0000000000000000                __far_bss_start = .
 *(.far.bss .far.bss.*)
                0x0000000000000000                . = ALIGN (0x2)
                0x0000000000000000                __far_bss_end = .
                0x0000000000000000                __far_bss_size = SIZEOF (.far.bss)
                0x0000000000000000                . = ALIGN (0x2)
                0x0000000000000000                _far_end = .

.profiler
 *(.profiler)

.stab           0x0000000000000000    0x23100
 *(.stab)
 .stab          0x0000000000000000     0x1608 aodv_node.co
 .stab          0x0000000000001608      0xc30 obj_sky/aodv_message.o
                                       0x1950 (size before relaxing)
 .stab          0x0000000000002238      0xc24 obj_sky/aodv_table.o
                                        0xe28 (size before relaxing)
 .stab          0x0000000000002e5c     0x1098 obj_sky/contiki-sky-main.o
                                       0x195c (size before relaxing)
 .stab          0x0000000000003ef4      0x258 contiki-sky.a(contiki-sky-pla)
                                        0x5ac (size before relaxing)
 .stab          0x000000000000414c      0x468 contiki-sky.a(button-sensor.o)
                                        0x7d4 (size before relaxing)
 .stab          0x00000000000045b4      0x618 contiki-sky.a(ds2411.o)
                                        0xb34 (size before relaxing)
 .stab          0x0000000000004bcc      0x9d8 contiki-sky.a(xmem.o)
                                        0xf00 (size before relaxing)
 .stab          0x00000000000055a4      0x2b8 contiki-sky.a(node-id.o)
                                        0x4e0 (size before relaxing)
 .stab          0x000000000000585c      0x69c contiki-sky.a(sensors.o)
                                        0xbb8 (size before relaxing)
 .stab          0x0000000000005ef8     0x22c8 contiki-sky.a(cc2420.o)
                                       0x2c40 (size before relaxing)
 .stab          0x00000000000081c0      0x9cc contiki-sky.a(cc2420-arch.o)
                                       0x13f8 (size before relaxing)
 .stab          0x0000000000008b8c      0x600 contiki-sky.a(uart1.o)
                                        0x954 (size before relaxing)
 .stab          0x000000000000918c      0x330 contiki-sky.a(slip_uart1.o)
                                        0x684 (size before relaxing)
 .stab          0x00000000000094bc      0xb70 contiki-sky.a(slip.o)
                                       0x1308 (size before relaxing)
 .stab          0x000000000000a02c      0x72c contiki-sky.a(msp430.o)
                                        0xa80 (size before relaxing)
 .stab          0x000000000000a758      0x930 contiki-sky.a(clock.o)
                                        0xc84 (size before relaxing)
 .stab          0x000000000000b088      0x5a0 contiki-sky.a(leds.o)
                                        0x7ec (size before relaxing)
 .stab          0x000000000000b628      0x378 contiki-sky.a(leds-arch.o)
                                        0x6cc (size before relaxing)
 .stab          0x000000000000b9a0      0x3cc contiki-sky.a(watchdog.o)
                                        0x720 (size before relaxing)
 .stab          0x000000000000bd6c      0x3b4 contiki-sky.a(rtimer-arch.o)
                                        0x708 (size before relaxing)
 .stab          0x000000000000c120      0x294 contiki-sky.a(autostart.o)
                                        0x534 (size before relaxing)
 .stab          0x000000000000c3b4      0x78c contiki-sky.a(ctimer.o)
                                        0xaf8 (size before relaxing)
 .stab          0x000000000000cb40      0x474 contiki-sky.a(energest.o)
                                        0x6fc (size before relaxing)
 .stab          0x000000000000cfb4      0x9fc contiki-sky.a(etimer.o)
                                        0xccc (size before relaxing)
 .stab          0x000000000000d9b0      0xb70 contiki-sky.a(process.o)
                                       0x1008 (size before relaxing)
 .stab          0x000000000000e520      0x3cc contiki-sky.a(rtimer.o)
                                        0x6b4 (size before relaxing)
 .stab          0x000000000000e8ec      0x348 contiki-sky.a(timer.o)
                                        0x588 (size before relaxing)
 .stab          0x000000000000ec34      0x7bc contiki-sky.a(list.o)
                                        0x7c8 (size before relaxing)
 .stab          0x000000000000f3f0      0x21c contiki-sky.a(random.o)
                                        0x618 (size before relaxing)
 .stab          0x000000000000f60c      0x960 contiki-sky.a(uip-fw.o)
                                       0x10d4 (size before relaxing)
 .stab          0x000000000000ff6c      0x2dc contiki-sky.a(uip-fw-drv.o)
                                        0xa38 (size before relaxing)
 .stab          0x0000000000010248     0x240c contiki-sky.a(uip.o)
                                       0x2b74 (size before relaxing)
 .stab          0x0000000000012654      0xb88 contiki-sky.a(uip-over-mesh.o)
                                       0x180c (size before relaxing)
 .stab          0x00000000000131dc     0x1044 contiki-sky.a(tcpip.o)
                                       0x1ea8 (size before relaxing)
 .stab          0x0000000000014220      0xcb4 contiki-sky.a(rime.o)
                                       0x13f8 (size before relaxing)
 .stab          0x0000000000014ed4      0x948 contiki-sky.a(broadcast-annou)
                                       0x15c0 (size before relaxing)
 .stab          0x000000000001581c      0x7c8 contiki-sky.a(trickle.o)
                                       0x1074 (size before relaxing)
 .stab          0x0000000000015fe4      0x6cc contiki-sky.a(broadcast.o)
                                       0x1500 (size before relaxing)
 .stab          0x00000000000166b0      0xa08 contiki-sky.a(route-discovery)
                                       0x16b0 (size before relaxing)
 .stab          0x00000000000170b8      0x9e4 contiki-sky.a(route.o)
                                        0xedc (size before relaxing)
 .stab          0x0000000000017a9c      0x5dc contiki-sky.a(chameleon.o)
                                       0x1230 (size before relaxing)
 .stab          0x0000000000018078      0x600 contiki-sky.a(channel.o)
                                       0x1278 (size before relaxing)